
U-Boot SPL 2024.10 (May 18 2026 - 23:21:16 +0200)
DRAM: 1024 MiB
Trying to boot from sunxi SPI
NOTICE:  BL31: v2.11.0(release):v2.11
NOTICE:  BL31: Built : 21:37:50, May 14 2026
NOTICE:  BL31: Detected Allwinner H616 SoC (1823)
NOTICE:  BL31: Found U-Boot DTB at 0x4a0ae970, model: OrangePi Zero 2W
ERROR:   RSB: set run-time address: 0x10003


U-Boot 2024.10 (May 18 2026 - 23:21:16 +0200) Allwinner Technology

CPU:   Allwinner H616 (SUN50I)
Model: OrangePi Zero 2W
DRAM:  1 GiB
Core:  63 devices, 24 uclasses, devicetree: separate
WDT:   Not starting watchdog@30090a0
MMC:   mmc@4020000: 0
Loading Environment from SPIFlash... SF: Detected zb25vq128 with page size 256 Bytes, erase size 4 KiB, total 16 MiB
*** Warning - bad CRC, using default environment

Loading Environment from FAT... MMC: no card present
** Bad device specification mmc 0 **
In:    serial@5000000
Out:   serial@5000000
Err:   serial@5000000
Allwinner mUSB OTG (Peripheral)
Net:   using musb-hdrc, OUT ep1out IN ep1in STATUS ep2in
MAC de:ad:be:ef:00:01
HOST MAC de:ad:be:ef:00:00
RNDIS ready
eth0: usb_ether
Hit any key to stop autoboot:  1  0 
SF: Detected zb25vq128 with page size 256 Bytes, erase size 4 KiB, total 16 MiB
device 0 offset 0x100000, size 0xf00000
SF: 15728640 bytes @ 0x100000 Read: OK
## Loading kernel from FIT Image at 44000000 ...
   Using 'conf' configuration
   Trying 'kernel' kernel subimage
     Description:  Linux kernel (mdboot)
     Type:         Kernel Image
     Compression:  gzip compressed
     Data Start:   0x440000e0
     Data Size:    6952752 Bytes = 6.6 MiB
     Architecture: AArch64
     OS:           Linux
     Load Address: 0x40080000
     Entry Point:  0x40080000
     Hash algo:    sha256
     Hash value:   46283529a0910396dd56da225b90f22d734531c32876104c146f36d5f1536cfd
   Verifying Hash Integrity ... sha256+ OK
## Loading ramdisk from FIT Image at 44000000 ...
   Using 'conf' configuration
   Trying 'ramdisk' ramdisk subimage
     Description:  mdboot initramfs
     Type:         RAMDisk Image
     Compression:  uncompressed
     Data Start:   0x446a6bd0
     Data Size:    2552657 Bytes = 2.4 MiB
     Architecture: AArch64
     OS:           Linux
     Load Address: 0x46200000
     Entry Point:  unavailable
     Hash algo:    sha256
     Hash value:   d7b1a3845d38a2b26393f5b84550d4934575bbd9a59e6ba90feace88d47dbbf5
   Verifying Hash Integrity ... sha256+ OK
   Loading ramdisk from 0x446a6bd0 to 0x46200000
## Loading fdt from FIT Image at 44000000 ...
   Using 'conf' configuration
   Trying 'fdt' fdt subimage
     Description:  Orange Pi Zero 2W device tree
     Type:         Flat Device Tree
     Compression:  uncompressed
     Data Start:   0x446a1914
     Data Size:    20962 Bytes = 20.5 KiB
     Architecture: AArch64
     Load Address: 0x46000000
     Hash algo:    sha256
     Hash value:   8214709107d386e3c80d8c793126dc6823be05ffbab0d12e42b1aac3651a740b
   Verifying Hash Integrity ... sha256+ OK
   Loading fdt from 0x446a1914 to 0x46000000
   Booting using the fdt blob at 0x46000000
Working FDT set to 46000000
   Uncompressing Kernel Image to 40080000
Moving Image from 0x40080000 to 0x40200000, end=41300000
   Loading Ramdisk to 7ac9b000, end 7af0a351 ... OK
   Loading Device Tree to 000000007ac92000, end 000000007ac9a1e1 ... OK
Working FDT set to 7ac92000

Starting kernel ...

[    0.000000] Booting Linux on physical CPU 0x0000000000 [0x410fd034]
[    0.000000] Linux version 6.12.3 (timax@cube) (aarch64-buildroot-linux-gnu-gcc.br_real (Buildroot 2026.02.1) 14.3.0, GNU ld (GNU Binutils) 2.44) #1 SMP Sun May 24 19:43:21 CEST 2026
[    0.000000] Machine model: OrangePi Zero 2W
[    0.000000] OF: reserved mem: 0x0000000040000000..0x000000004003ffff (256 KiB) nomap non-reusable secmon@40000000
[    0.000000] Zone ranges:
[    0.000000]   DMA      [mem 0x0000000040000000-0x000000007fffffff]
[    0.000000]   DMA32    empty
[    0.000000]   Normal   empty
[    0.000000] Movable zone start for each node
[    0.000000] Early memory node ranges
[    0.000000]   node   0: [mem 0x0000000040000000-0x000000004003ffff]
[    0.000000]   node   0: [mem 0x0000000040040000-0x000000007fffffff]
[    0.000000] Initmem setup node 0 [mem 0x0000000040000000-0x000000007fffffff]
[    0.000000] cma: Reserved 32 MiB at 0x000000007ce00000 on node -1
[    0.000000] psci: probing for conduit method from DT.
[    0.000000] psci: PSCIv1.1 detected in firmware.
[    0.000000] psci: Using standard PSCI v0.2 function IDs
[    0.000000] psci: MIGRATE_INFO_TYPE not supported.
[    0.000000] psci: SMC Calling Convention v1.5
[    0.000000] percpu: Embedded 20 pages/cpu s50240 r0 d31680 u81920
[    0.000000] Detected VIPT I-cache on CPU0
[    0.000000] CPU features: detected: ARM erratum 845719
[    0.000000] alternatives: applying boot alternatives
[    0.000000] Kernel command line: console=ttyS0,115200 earlyprintk
[    0.000000] Unknown kernel command line parameters "earlyprintk", will be passed to user space.
[    0.000000] Dentry cache hash table entries: 131072 (order: 8, 1048576 bytes, linear)
[    0.000000] Inode-cache hash table entries: 65536 (order: 7, 524288 bytes, linear)
[    0.000000] Built 1 zonelists, mobility grouping on.  Total pages: 262144
[    0.000000] mem auto-init: stack:all(zero), heap alloc:off, heap free:off
[    0.000000] software IO TLB: SWIOTLB bounce buffer size adjusted to 1MB
[    0.000000] software IO TLB: area num 4.
[    0.000000] software IO TLB: mapped [mem 0x000000007cc80000-0x000000007cd80000] (1MB)
[    0.000000] SLUB: HWalign=64, Order=0-3, MinObjects=0, CPUs=4, Nodes=1
[    0.000000] rcu: Hierarchical RCU implementation.
[    0.000000] rcu: 	RCU restricting CPUs from NR_CPUS=512 to nr_cpu_ids=4.
[    0.000000] 	Tracing variant of Tasks RCU enabled.
[    0.000000] rcu: RCU calculated value of scheduler-enlistment delay is 25 jiffies.
[    0.000000] rcu: Adjusting geometry for rcu_fanout_leaf=16, nr_cpu_ids=4
[    0.000000] RCU Tasks Trace: Setting shift to 2 and lim to 1 rcu_task_cb_adjust=1 rcu_task_cpu_ids=4.
[    0.000000] NR_IRQS: 64, nr_irqs: 64, preallocated irqs: 0
[    0.000000] Root IRQ handler: gic_handle_irq
[    0.000000] GIC: Using split EOI/Deactivate mode
[    0.000000] rcu: srcu_init: Setting srcu_struct sizes based on contention.
[    0.000000] arch_timer: cp15 timer(s) running at 24.00MHz (phys).
[    0.000000] clocksource: arch_sys_counter: mask: 0xffffffffffffff max_cycles: 0x588fe9dc0, max_idle_ns: 440795202592 ns
[    0.000000] sched_clock: 56 bits at 24MHz, resolution 41ns, wraps every 4398046511097ns
[    0.000611] Console: colour dummy device 80x25
[    0.000672] Calibrating delay loop (skipped), value calculated using timer frequency.. 48.00 BogoMIPS (lpj=96000)
[    0.000685] pid_max: default: 32768 minimum: 301
[    0.000791] LSM: initializing lsm=capability
[    0.000930] Mount-cache hash table entries: 2048 (order: 2, 16384 bytes, linear)
[    0.000944] Mountpoint-cache hash table entries: 2048 (order: 2, 16384 bytes, linear)
[    0.020436] rcu: Hierarchical SRCU implementation.
[    0.020442] rcu: 	Max phase no-delay instances is 1000.
[    0.020705] Timer migration: 1 hierarchy levels; 8 children per group; 1 crossnode level
[    0.024481] smp: Bringing up secondary CPUs ...
[    0.032287] Detected VIPT I-cache on CPU1
[    0.032394] CPU1: Booted secondary processor 0x0000000001 [0x410fd034]
[    0.036153] Detected VIPT I-cache on CPU2
[    0.036228] CPU2: Booted secondary processor 0x0000000002 [0x410fd034]
[    0.036878] Detected VIPT I-cache on CPU3
[    0.036951] CPU3: Booted secondary processor 0x0000000003 [0x410fd034]
[    0.037092] smp: Brought up 1 node, 4 CPUs
[    0.037100] SMP: Total of 4 processors activated.
[    0.037105] CPU: All CPU(s) started at EL2
[    0.037109] CPU features: detected: 32-bit EL0 Support
[    0.037114] CPU features: detected: CRC32 instructions
[    0.037165] alternatives: applying system-wide alternatives
[    0.037718] Memory: 971968K/1048576K available (10176K kernel code, 1428K rwdata, 3900K rodata, 1152K init, 532K bss, 39620K reserved, 32768K cma-reserved)
[    0.038511] devtmpfs: initialized
[    0.043593] clocksource: jiffies: mask: 0xffffffff max_cycles: 0xffffffff, max_idle_ns: 7645041785100000 ns
[    0.043614] futex hash table entries: 1024 (order: 4, 65536 bytes, linear)
[    0.044709] 28416 pages in range for non-PLT usage
[    0.044714] 519936 pages in range for PLT usage
[    0.044918] pinctrl core: initialized pinctrl subsystem
[    0.045920] NET: Registered PF_NETLINK/PF_ROUTE protocol family
[    0.047143] DMA: preallocated 128 KiB GFP_KERNEL pool for atomic allocations
[    0.047340] DMA: preallocated 128 KiB GFP_KERNEL|GFP_DMA pool for atomic allocations
[    0.047595] DMA: preallocated 128 KiB GFP_KERNEL|GFP_DMA32 pool for atomic allocations
[    0.048157] thermal_sys: Registered thermal governor 'step_wise'
[    0.048163] thermal_sys: Registered thermal governor 'power_allocator'
[    0.048211] cpuidle: using governor menu
[    0.048386] hw-breakpoint: found 6 breakpoint and 4 watchpoint registers.
[    0.048497] ASID allocator initialised with 65536 entries
[    0.048694] Serial: AMBA PL011 UART driver
[    0.052417] platform 3001000.clock: Fixed dependency cycle(s) with /soc/rtc@7000000
[    0.055954] platform 3001000.clock: Fixed dependency cycle(s) with /soc/rtc@7000000
[    0.056087] platform 7000000.rtc: Fixed dependency cycle(s) with /soc/clock@3001000
[    0.056184] platform 7000000.rtc: Fixed dependency cycle(s) with /soc/clock@7010000
[    0.056305] platform 7000000.rtc: Fixed dependency cycle(s) with /soc/clock@7010000
[    0.056386] platform 7010000.clock: Fixed dependency cycle(s) with /soc/clock@3001000
[    0.056459] platform 7010000.clock: Fixed dependency cycle(s) with /soc/rtc@7000000
[    0.058942] HugeTLB: registered 1.00 GiB page size, pre-allocated 0 pages
[    0.058948] HugeTLB: 0 KiB vmemmap can be freed for a 1.00 GiB page
[    0.058956] HugeTLB: registered 32.0 MiB page size, pre-allocated 0 pages
[    0.058961] HugeTLB: 0 KiB vmemmap can be freed for a 32.0 MiB page
[    0.058968] HugeTLB: registered 2.00 MiB page size, pre-allocated 0 pages
[    0.058972] HugeTLB: 0 KiB vmemmap can be freed for a 2.00 MiB page
[    0.058979] HugeTLB: registered 64.0 KiB page size, pre-allocated 0 pages
[    0.058983] HugeTLB: 0 KiB vmemmap can be freed for a 64.0 KiB page
[    0.128268] raid6: neonx8   gen()  1883 MB/s
[    0.196379] raid6: neonx4   gen()  1812 MB/s
[    0.264485] raid6: neonx2   gen()  1688 MB/s
[    0.332592] raid6: neonx1   gen()  1318 MB/s
[    0.400719] raid6: int64x8  gen()   456 MB/s
[    0.468793] raid6: int64x4  gen()   628 MB/s
[    0.536885] raid6: int64x2  gen()   954 MB/s
[    0.605019] raid6: int64x1  gen()   668 MB/s
[    0.605025] raid6: using algorithm neonx8 gen() 1883 MB/s
[    0.673081] raid6: .... xor() 1374 MB/s, rmw enabled
[    0.673087] raid6: using neon recovery algorithm
[    0.673828] iommu: Default domain type: Translated
[    0.673835] iommu: DMA domain TLB invalidation policy: strict mode
[    0.674444] SCSI subsystem initialized
[    0.674569] usbcore: registered new interface driver usbfs
[    0.674602] usbcore: registered new interface driver hub
[    0.674640] usbcore: registered new device driver usb
[    0.675036] pps_core: LinuxPPS API ver. 1 registered
[    0.675041] pps_core: Software ver. 5.3.6 - Copyright 2005-2007 Rodolfo Giometti <giometti@linux.it>
[    0.675351] EDAC MC: Ver: 3.0.0
[    0.675664] scmi_core: SCMI protocol bus registered
[    0.675934] FPGA manager framework
[    0.677010] clocksource: Switched to clocksource arch_sys_counter
[    0.677275] VFS: Disk quotas dquot_6.6.0
[    0.677298] VFS: Dquot-cache hash table entries: 512 (order 0, 4096 bytes)
[    0.686846] Unpacking initramfs...
[    0.690277] Initialise system trusted keyrings
[    0.690501] workingset: timestamp_bits=46 max_order=18 bucket_order=0
[    0.690848] squashfs: version 4.0 (2009/01/31) Phillip Lougher
[    0.690999] fuse: init (API version 7.41)
[    0.746567] xor: measuring software checksum speed
[    0.747887]    8regs           :  2521 MB/sec
[    0.749207]    32regs          :  2512 MB/sec
[    0.750803]    arm64_neon      :  2063 MB/sec
[    0.750809] xor: using function: 8regs (2521 MB/sec)
[    0.750825] async_tx: api initialized (async)
[    0.750835] Key type asymmetric registered
[    0.750841] Asymmetric key parser 'x509' registered
[    0.750970] Block layer SCSI generic (bsg) driver version 0.4 loaded (major 244)
[    0.750978] io scheduler mq-deadline registered
[    0.750986] io scheduler kyber registered
[    0.751045] io scheduler bfq registered
[    0.755733] ledtrig-cpu: registered to indicate activity on CPUs
[    0.755747] IPMI message handler: version 39.2
[    0.755788] ipmi device interface
[    0.756041] ipmi_si: IPMI System Interface driver
[    0.756158] ipmi_si: Unable to find any System Interface(s)
[    0.771940] Serial: 8250/16550 driver, 4 ports, IRQ sharing enabled
[    0.774249] printk: legacy console [ttyS0] disabled
[    0.794915] 5000000.serial: ttyS0 at MMIO 0x5000000 (irq = 16, base_baud = 1500000) is a 16550A
[    0.795006] printk: legacy console [ttyS0] enabled
[    0.814287] Freeing initrd memory: 2492K
[    1.674706] loop: module loaded
[    1.681139] usbcore: registered new interface driver cdc_acm
[    1.686809] cdc_acm: USB Abstract Control Model driver for USB modems and ISDN adapters
[    1.694856] usbcore: registered new interface driver usb-storage
[    1.700946] usbcore: registered new interface driver cp210x
[    1.706549] usbserial: USB Serial support registered for cp210x
[    1.712500] usbcore: registered new interface driver ftdi_sio
[    1.718274] usbserial: USB Serial support registered for FTDI USB Serial Device
[    1.725613] usbcore: registered new interface driver option
[    1.731222] usbserial: USB Serial support registered for GSM modem (1-port)
[    1.738320] usbcore: registered new device driver onboard-usb-dev
[    1.745791] UDC core: g_mass_storage: couldn't find an available UDC
[    1.754903] sun6i-rtc 7000000.rtc: registered as rtc0
[    1.759995] sun6i-rtc 7000000.rtc: setting system clock to 1970-01-02T00:00:13 UTC (86413)
[    1.768652] i2c_dev: i2c /dev entries driver
[    1.774992] sunxi-wdt 30090a0.watchdog: Watchdog enabled (timeout=16 sec, nowayout=0)
[    1.784049] sdhci: Secure Digital Host Controller Interface driver
[    1.790242] sdhci: Copyright(c) Pierre Ossman
[    1.794856] Synopsys Designware Multimedia Card Interface Driver
[    1.801519] sdhci-pltfm: SDHCI platform and OF driver helper
[    1.808130] SMCCC: SOC_ID: ID = jep106:091e:1823 Revision = 0x00000002
[    1.814988] sun8i-ce 1904000.crypto: will run requests pump with realtime priority
[    1.822706] sun8i-ce 1904000.crypto: will run requests pump with realtime priority
[    1.830425] sun8i-ce 1904000.crypto: will run requests pump with realtime priority
[    1.838127] sun8i-ce 1904000.crypto: will run requests pump with realtime priority
[    1.845784] sun8i-ce 1904000.crypto: Register cbc(aes)
[    1.851002] sun8i-ce 1904000.crypto: Register ecb(aes)
[    1.856170] sun8i-ce 1904000.crypto: Register cbc(des3_ede)
[    1.861767] sun8i-ce 1904000.crypto: Register ecb(des3_ede)
[    1.867379] sun8i-ce 1904000.crypto: CryptoEngine Die ID 0
[    1.873768] SPI driver st-magn-spi has no spi_device_id for st,lis3mdl-magn
[    1.880742] SPI driver st-magn-spi has no spi_device_id for st,lsm303agr-magn
[    1.887889] SPI driver st-magn-spi has no spi_device_id for st,lsm9ds1-magn
[    1.894860] SPI driver st-magn-spi has no spi_device_id for st,lsm303c-magn
[    1.902962] hw perfevents: enabled with armv8_cortex_a53 PMU driver, 7 (0,8000003f) counters available
[    1.913147]  cs_system_cfg: CoreSight Configuration manager initialised
[    1.930312] Loading compiled-in X.509 certificates
[    1.946903] gpio gpiochip0: Static allocation of GPIO base is deprecated, use dynamic allocation.
[    1.956072] sun50i-h616-r-pinctrl 7022000.pinctrl: initialized sunXi PIO driver
[    1.966310] ehci-platform 5200000.usb: EHCI Host Controller
[    1.966942] ehci-platform 5310000.usb: EHCI Host Controller
[    1.967940] ehci-platform 5311000.usb: EHCI Host Controller
[    1.967973] ehci-platform 5311000.usb: new USB bus registered, assigned bus number 1
[    1.968106] ehci-platform 5311000.usb: irq 25, io mem 0x05311000
[    1.969262] ohci-platform 5200400.usb: Generic Platform OHCI controller
[    1.969283] ohci-platform 5200400.usb: new USB bus registered, assigned bus number 2
[    1.969342] ohci-platform 5200400.usb: irq 26, io mem 0x05200400
[    1.969511] usb_phy_generic usb_phy_generic.1.auto: dummy supplies not allowed for exclusive requests (id=vbus)
[    1.970056] ohci-platform 5311400.usb: Generic Platform OHCI controller
[    1.970076] ohci-platform 5311400.usb: new USB bus registered, assigned bus number 3
[    1.970128] ohci-platform 5311400.usb: irq 28, io mem 0x05311400
[    1.970339] Mass Storage Function, version: 2009/09/11
[    1.970346] LUN: removable file: (no medium)
[    1.970373] no file given for LUN0
[    1.970393] udc musb-hdrc.2.auto: failed to start g_mass_storage: -22
[    1.970403] g_mass_storage gadget.0: probe with driver g_mass_storage failed with error -22
[    1.970975] ohci-platform 5310400.usb: Generic Platform OHCI controller
[    1.970996] ohci-platform 5310400.usb: new USB bus registered, assigned bus number 4
[    1.971049] ohci-platform 5310400.usb: irq 29, io mem 0x05310400
[    1.971262] sun50i-h616-r-pinctrl 7022000.pinctrl: supply vcc-pl not found, using dummy regulator
[    1.971937] ehci-platform 5200000.usb: new USB bus registered, assigned bus number 5
[    1.972157] i2c 0-0036: Fixed dependency cycle(s) with /soc/pinctrl@300b000
[    1.976853] gpio gpiochip1: Static allocation of GPIO base is deprecated, use dynamic allocation.
[    1.977039] ehci-platform 5311000.usb: USB 2.0 started, EHCI 1.00
[    1.981393] hub 1-0:1.0: USB hub found
[    1.983207] ehci-platform 5200000.usb: irq 23, io mem 0x05200000
[    1.986486] sun50i-h616-pinctrl 300b000.pinctrl: initialized sunXi PIO driver
[    1.988047] sun6i-spi 5010000.spi: Error applying setting, reverse things back
[    1.988327] axp20x-i2c 0-0036: AXP20x variant AXP313a found
[    1.990892] hub 1-0:1.0: 1 port detected
[    2.009009] ehci-platform 5200000.usb: USB 2.0 started, EHCI 1.00
[    2.011617] ehci-platform 5310000.usb: new USB bus registered, assigned bus number 6
[    2.012760] axp20x-i2c 0-0036: AXP20X driver loaded
[    2.014801] sunxi-mmc 4020000.mmc: Error applying setting, reverse things back
[    2.015128] sun6i-spi 5010000.spi: Error applying setting, reverse things back
[    2.018160] hub 5-0:1.0: USB hub found
[    2.020310] sunxi-mmc 4020000.mmc: Got CD GPIO
[    2.025643] clk: Disabling unused clocks
[    2.025766] PM: genpd: Disabling unused power domains
[    2.027404] ehci-platform 5310000.usb: irq 24, io mem 0x05310000
[    2.033957] hub 5-0:1.0: 1 port detected
[    2.045199] sunxi-mmc 4020000.mmc: initialized, max. request size: 16384 KB, uses new timings mode
[    2.048715] hub 4-0:1.0: USB hub found
[    2.061008] ehci-platform 5310000.usb: USB 2.0 started, EHCI 1.00
[    2.067038] hub 4-0:1.0: 1 port detected
[    2.251341] hub 3-0:1.0: USB hub found
[    2.255126] hub 3-0:1.0: 1 port detected
[    2.259079] usb 1-1: new high-speed USB device number 2 using ehci-platform
[    2.261705] hub 2-0:1.0: USB hub found
[    2.269824] hub 2-0:1.0: 1 port detected
[    2.274418] hub 6-0:1.0: USB hub found
[    2.278203] hub 6-0:1.0: 1 port detected
[    2.282875] Freeing unused kernel memory: 1152K
[    2.287487] Run /init as init process
Saving 256 bits of non-creditable seed for next boot
Starting syslogd: OK
Starting klogd: OK
Running sysctl: OK
Starting mdev... OK
[    2.414138] usb-storage 1-1:1.0: USB Mass Storage device detected
[    2.420915] scsi host0: usb-storage 1-1:1.0
[    2.533128] usb 6-1: new high-speed USB device number 2 using ehci-platform
[    2.685420] usb-storage 6-1:1.0: USB Mass Storage device detected
[    2.692120] scsi host1: usb-storage 6-1:1.0
modprobe: can't change directory to '/lib/modules': No such file or directory
Starting network: ip: can't find device 'lo'
ip: socket: Address family not supported by protocol
FAIL
Starting crond: OK
crond[143]: crond (busybox 1.37.0) started, log level 8

[    2.816767] mdboot_armbian: Waiting for devices to appear.
[    3.430106] scsi 0:0:0:0: Direct-Access     Kingston DataTraveler 3.0 0000 PQ: 0 ANSI: 4
[    3.443611] sd 0:0:0:0: [sda] 121077761 512-byte logical blocks: (62.0 GB/57.7 GiB)
[    3.452215] sd 0:0:0:0: [sda] Write Protect is off
[    3.457851] sd 0:0:0:0: [sda] Write cache: disabled, read cache: enabled, doesn't support DPO or FUA
[    3.496376] sd 0:0:0:0: [sda] Attached SCSI removable disk
[    3.506449] mdboot_armbian: New disk /dev/sda - running mdadm --incremental.
[    3.601581] mdboot_armbian: mdadm: mdadm: /dev/sda attached to /dev/md/corebook:usbr0, not enough to start (1).
[    3.718333] scsi 1:0:0:0: Direct-Access     Kingston DataTraveler 3.0 0000 PQ: 0 ANSI: 4
[    3.730739] sd 1:0:0:0: [sdb] 121077760 512-byte logical blocks: (62.0 GB/57.7 GiB)
[    3.739498] sd 1:0:0:0: [sdb] Write Protect is off
[    3.745096] sd 1:0:0:0: [sdb] Write cache: disabled, read cache: enabled, doesn't support DPO or FUA
[    3.787642] sd 1:0:0:0: [sdb] Attached SCSI removable disk
[    3.841697] mdboot_armbian: New disk /dev/sdb - running mdadm --incremental.
[    3.897937] md127: detected capacity change from 0 to 242020352
[    3.906258]  md127: p1
[    3.910479] mdboot_armbian: mdadm: mdadm: /dev/sdb attached to /dev/md/corebook:usbr0, which has been started.
[    3.925763] mdboot_armbian: RAID array /dev/md127 started.
[    3.931368] mdboot_armbian: Waiting for partition /dev/md127p1.
[    3.946486] mdboot_armbian: Mounting /dev/md127p1 at /mnt (read-only).
[    3.974660] EXT4-fs (md127p1): INFO: recovery required on readonly filesystem
[    3.981848] EXT4-fs (md127p1): write access will be enabled during recovery
[    4.116704] EXT4-fs (md127p1): recovery complete
[    4.125359] EXT4-fs (md127p1): mounted filesystem 2a9c43f5-b478-4ed0-8a2c-97d4b32a8208 ro with writeback data mode. Quota mode: none.
[    4.151801] mdboot_armbian: Root device (from armbianEnv.txt): UUID=2a9c43f5-b478-4ed0-8a2c-97d4b32a8208
[    4.167145] mdboot_armbian: Kernel: /mnt/boot/vmlinuz-6.18.32-current-sunxi64
[    4.174418] mdboot_armbian: Initrd: /mnt/boot/initrd.img-6.18.32-current-sunxi64
[    4.189800] mdboot_armbian: DTB found: /mnt/boot/dtb/allwinner/sun50i-h618-orangepi-zero2w.dtb
[    4.198563] mdboot_armbian: WARNING: this DTB will be IGNORED - kexec_file_load reuses mdboot's
[    4.207526] mdboot_armbian:          running device tree, not a supplied --dtb.
[    4.214958] mdboot_armbian: Loading Armbian kernel (kexec_file_load).
[    4.221591] mdboot_armbian: cmdline: root=UUID=2a9c43f5-b478-4ed0-8a2c-97d4b32a8208 rootwait rootfstype=ext4 ro console=ttyS0,115200
[    5.945860] RNG is not initialised: omitting "kaslr-seed" property
[    5.952118] RNG is not initialised: omitting "rng-seed" property
[    6.095896] mdboot_armbian: Syncing filesystems.
[    6.104439] mdboot_armbian: Unmounting /mnt.
[    6.141251] EXT4-fs (md127p1): unmounting filesystem 2a9c43f5-b478-4ed0-8a2c-97d4b32a8208.
[    6.152556] mdboot_armbian: Booting Armbian now (kexec -e).
ifdown: socket: Address family not supported by protocol
[    7.199473] kexec_core: Starting new kernel
[    7.258634] psci: CPU1 killed (polled 0 ms)
[    7.282869] psci: CPU2 killed (polled 0 ms)
[    7.306737] psci: CPU3 killed (polled 0 ms)
[    7.312008] Bye!
Booting Linux on physical CPU 0x0000000000 [0x410fd034]
Linux version 6.18.32-current-sunxi64 (build@armbian) (aarch64-linux-gnu-gcc (Ubuntu 13.3.0-6ubuntu2~24.04.1) 13.3.0, GNU ld (GNU Binutils for Ubuntu) 2.42) #6 SMP PREEMPT Sun May 17 15:15:37 UTC 2026
KASLR disabled due to lack of seed
Machine model: OrangePi Zero 2W
efi: UEFI not found.
OF: reserved mem: 0x0000000040000000..0x000000004003ffff (256 KiB) nomap non-reusable secmon@40000000
Zone ranges:
  DMA      [mem 0x0000000040000000-0x000000007fffffff]
  DMA32    empty
  Normal   empty
Movable zone start for each node
Early memory node ranges
  node   0: [mem 0x0000000040000000-0x000000004003ffff]
  node   0: [mem 0x0000000040040000-0x000000007fffffff]
Initmem setup node 0 [mem 0x0000000040000000-0x000000007fffffff]
cma: Reserved 64 MiB at 0x000000007ac00000
psci: probing for conduit method from DT.
psci: PSCIv1.1 detected in firmware.
psci: Using standard PSCI v0.2 function IDs
psci: MIGRATE_INFO_TYPE not supported.
psci: SMC Calling Convention v1.5
percpu: Embedded 33 pages/cpu s96536 r8192 d30440 u135168
Detected VIPT I-cache on CPU0
alternatives: applying boot alternatives
Kernel command line: root=UUID=2a9c43f5-b478-4ed0-8a2c-97d4b32a8208 rootwait rootfstype=ext4 ro console=ttyS0,115200
printk: log buffer data + meta data: 131072 + 458752 = 589824 bytes
Dentry cache hash table entries: 131072 (order: 8, 1048576 bytes, linear)
Inode-cache hash table entries: 65536 (order: 7, 524288 bytes, linear)
software IO TLB: SWIOTLB bounce buffer size adjusted to 1MB
software IO TLB: area num 4.
software IO TLB: mapped [mem 0x000000007aa80000-0x000000007ab80000] (1MB)
Built 1 zonelists, mobility grouping on.  Total pages: 262144
mem auto-init: stack:all(zero), heap alloc:off, heap free:off
SLUB: HWalign=64, Order=0-3, MinObjects=0, CPUs=4, Nodes=1
ftrace: allocating 59550 entries in 234 pages
ftrace: allocated 234 pages with 5 groups

**********************************************************
**   NOTICE NOTICE NOTICE NOTICE NOTICE NOTICE NOTICE   **
**                                                      **
** trace_printk() being used. Allocating extra memory.  **
**                                                      **
** This means that this is a DEBUG kernel and it is     **
** unsafe for production use.                           **
**                                                      **
** If you see this message and you are not debugging    **
** the kernel, report this immediately to your vendor!  **
**                                                      **
**   NOTICE NOTICE NOTICE NOTICE NOTICE NOTICE NOTICE   **
**********************************************************
rcu: Preemptible hierarchical RCU implementation.
rcu: 	RCU restricting CPUs from NR_CPUS=8 to nr_cpu_ids=4.
	Trampoline variant of Tasks RCU enabled.
	Rude variant of Tasks RCU enabled.
	Tracing variant of Tasks RCU enabled.
rcu: RCU calculated value of scheduler-enlistment delay is 25 jiffies.
rcu: Adjusting geometry for rcu_fanout_leaf=16, nr_cpu_ids=4
RCU Tasks: Setting shift to 2 and lim to 1 rcu_task_cb_adjust=1 rcu_task_cpu_ids=4.
RCU Tasks Rude: Setting shift to 2 and lim to 1 rcu_task_cb_adjust=1 rcu_task_cpu_ids=4.
RCU Tasks Trace: Setting shift to 2 and lim to 1 rcu_task_cb_adjust=1 rcu_task_cpu_ids=4.
NR_IRQS: 64, nr_irqs: 64, preallocated irqs: 0
Root IRQ handler: gic_handle_irq
GIC: Using split EOI/Deactivate mode
rcu: srcu_init: Setting srcu_struct sizes based on contention.
arch_timer: cp15 timer running at 24.00MHz (phys).
clocksource: arch_sys_counter: mask: 0xffffffffffffff max_cycles: 0x588fe9dc0, max_idle_ns: 440795202592 ns
sched_clock: 56 bits at 24MHz, resolution 41ns, wraps every 4398046511097ns
Console: colour dummy device 80x25
Calibrating delay loop (skipped), value calculated using timer frequency.. 48.00 BogoMIPS (lpj=96000)
pid_max: default: 32768 minimum: 301
LSM: initializing lsm=capability,yama,selinux,tomoyo
Yama: becoming mindful.
SELinux:  Initializing.
TOMOYO Linux initialized
Mount-cache hash table entries: 2048 (order: 2, 16384 bytes, linear)
Mountpoint-cache hash table entries: 2048 (order: 2, 16384 bytes, linear)
rcu: Hierarchical SRCU implementation.
rcu: 	Max phase no-delay instances is 1000.
Timer migration: 1 hierarchy levels; 8 children per group; 1 crossnode level
EFI services will not be available.
smp: Bringing up secondary CPUs ...
Detected VIPT I-cache on CPU1
CPU1: Booted secondary processor 0x0000000001 [0x410fd034]
Detected VIPT I-cache on CPU2
CPU2: Booted secondary processor 0x0000000002 [0x410fd034]
Detected VIPT I-cache on CPU3
CPU3: Booted secondary processor 0x0000000003 [0x410fd034]
smp: Brought up 1 node, 4 CPUs
SMP: Total of 4 processors activated.
CPU: All CPU(s) started at EL2
CPU features: detected: 32-bit EL0 Support
CPU features: detected: 32-bit EL1 Support
CPU features: detected: CRC32 instructions
CPU features: detected: PMUv3
alternatives: applying system-wide alternatives
Memory: 890536K/1048576K available (17408K kernel code, 2802K rwdata, 12224K rodata, 7104K init, 870K bss, 79688K reserved, 65536K cma-reserved)
devtmpfs: initialized
clocksource: jiffies: mask: 0xffffffff max_cycles: 0xffffffff, max_idle_ns: 7645041785100000 ns
posixtimers hash table entries: 2048 (order: 3, 32768 bytes, linear)
futex hash table entries: 1024 (65536 bytes on 1 NUMA nodes, total 64 KiB, linear).
22608 pages in range for non-PLT usage
514128 pages in range for PLT usage
pinctrl core: initialized pinctrl subsystem
DMI not present or invalid.
NET: Registered PF_NETLINK/PF_ROUTE protocol family
DMA: preallocated 128 KiB GFP_KERNEL pool for atomic allocations
DMA: preallocated 128 KiB GFP_KERNEL|GFP_DMA pool for atomic allocations
DMA: preallocated 128 KiB GFP_KERNEL|GFP_DMA32 pool for atomic allocations
audit: initializing netlink subsys (disabled)
audit: type=2000 audit(0.024:1): state=initialized audit_enabled=0 res=1
thermal_sys: Registered thermal governor 'fair_share'
thermal_sys: Registered thermal governor 'bang_bang'
thermal_sys: Registered thermal governor 'step_wise'
thermal_sys: Registered thermal governor 'user_space'
cpuidle: using governor ladder
cpuidle: using governor menu
hw-breakpoint: found 6 breakpoint and 4 watchpoint registers.
ASID allocator initialised with 65536 entries
/soc/clock@3001000: Fixed dependency cycle(s) with /soc/rtc@7000000
/soc/interrupt-controller@3021000: Fixed dependency cycle(s) with /soc/interrupt-controller@3021000
/soc/rtc@7000000: Fixed dependency cycle(s) with /soc/clock@3001000
/soc/rtc@7000000: Fixed dependency cycle(s) with /soc/clock@7010000
/soc/clock@7010000: Fixed dependency cycle(s) with /soc/clock@3001000
/soc/clock@7010000: Fixed dependency cycle(s) with /soc/rtc@7000000
/soc/clock@3001000: Fixed dependency cycle(s) with /soc/rtc@7000000
/soc/clock@3001000: Fixed dependency cycle(s) with /soc/rtc@7000000
/soc/rtc@7000000: Fixed dependency cycle(s) with /soc/clock@3001000
/soc/rtc@7000000: Fixed dependency cycle(s) with /soc/clock@7010000
/soc/rtc@7000000: Fixed dependency cycle(s) with /soc/clock@7010000
/soc/clock@7010000: Fixed dependency cycle(s) with /soc/clock@3001000
/soc/clock@7010000: Fixed dependency cycle(s) with /soc/rtc@7000000
raid6: neonx8   gen()  1757 MB/s
raid6: neonx4   gen()  1723 MB/s
raid6: neonx2   gen()  1650 MB/s
raid6: neonx1   gen()  1398 MB/s
raid6: int64x8  gen()  1103 MB/s
raid6: int64x4  gen()  1224 MB/s
raid6: int64x2  gen()  1095 MB/s
raid6: int64x1  gen()   810 MB/s
raid6: using algorithm neonx8 gen() 1757 MB/s
raid6: .... xor() 1291 MB/s, rmw enabled
raid6: using neon recovery algorithm
iommu: Default domain type: Translated
iommu: DMA domain TLB invalidation policy: strict mode
SCSI subsystem initialized
usbcore: registered new interface driver usbfs
usbcore: registered new interface driver hub
usbcore: registered new device driver usb
mc: Linux media interface: v0.10
videodev: Linux video capture interface: v2.00
pps_core: LinuxPPS API ver. 1 registered
pps_core: Software ver. 5.3.6 - Copyright 2005-2007 Rodolfo Giometti <giometti@linux.it>
PTP clock support registered
Advanced Linux Sound Architecture Driver Initialized.
NetLabel: Initializing
NetLabel:  domain hash size = 128
NetLabel:  protocols = UNLABELED CIPSOv4 CALIPSO
NetLabel:  unlabeled traffic allowed by default
mctp: management component transport protocol core
NET: Registered PF_MCTP protocol family
vgaarb: loaded
clocksource: Switched to clocksource arch_sys_counter
VFS: Disk quotas dquot_6.6.0
VFS: Dquot-cache hash table entries: 512 (order 0, 4096 bytes)
netfs: FS-Cache loaded
CacheFiles: Loaded
NET: Registered PF_INET protocol family
IP idents hash table entries: 16384 (order: 5, 131072 bytes, linear)
tcp_listen_portaddr_hash hash table entries: 512 (order: 1, 8192 bytes, linear)
Table-perturb hash table entries: 65536 (order: 6, 262144 bytes, linear)
TCP established hash table entries: 8192 (order: 4, 65536 bytes, linear)
TCP bind hash table entries: 8192 (order: 6, 262144 bytes, linear)
TCP: Hash tables configured (established 8192 bind 8192)
UDP hash table entries: 512 (order: 3, 32768 bytes, linear)
UDP-Lite hash table entries: 512 (order: 3, 32768 bytes, linear)
NET: Registered PF_UNIX/PF_LOCAL protocol family
NET: Registered PF_XDP protocol family
PCI: CLS 0 bytes, default 64
Unpacking initramfs...
kvm [1]: nv: 568 coarse grained trap handlers
kvm [1]: IPA Size Limit: 40 bits
kvm [1]: vgic interrupt IRQ9
kvm [1]: Hyp nVHE mode initialized successfully
Initialise system trusted keyrings
workingset: timestamp_bits=46 max_order=18 bucket_order=0
squashfs: version 4.0 (2009/01/31) Phillip Lougher
SGI XFS with ACLs, security attributes, scrub, repair, no debug enabled
cryptd: max_cpu_qlen set to 1000
NET: Registered PF_ALG protocol family
xor: automatically using best checksumming function   32regs    
async_tx: api initialized (async)
Key type asymmetric registered
Asymmetric key parser 'x509' registered
Asymmetric key parser 'pkcs8' registered
Block layer SCSI generic (bsg) driver version 0.4 loaded (major 241)
io scheduler mq-deadline registered
io scheduler bfq registered
ledtrig-cpu: registered to indicate activity on CPUs
Serial: 8250/16550 driver, 8 ports, IRQ sharing disabled
misc dump reg init
loop: module loaded
wireguard: WireGuard 1.0.0 loaded. See www.wireguard.com for information.
wireguard: Copyright (C) 2015-2019 Jason A. Donenfeld <Jason@zx2c4.com>. All Rights Reserved.
tun: Universal TUN/TAP device driver, 1.6
PPP generic driver version 2.4.2
PPP BSD Compression module registered
PPP Deflate Compression module registered
PPP MPPE Compression module registered
NET: Registered PF_PPPOX protocol family
usbcore: registered new interface driver usblp
usbcore: registered new interface driver usb-storage
mousedev: PS/2 mouse device common for all mice
sun6i-rtc 7000000.rtc: registered as rtc0
sun6i-rtc 7000000.rtc: setting system clock to 1970-01-02T00:00:19 UTC (86419)
i2c_dev: i2c /dev entries driver
usbcore: registered new interface driver uvcvideo
Driver for 1-wire Dallas network protocol.
sunxi-wdt 30090a0.watchdog: Watchdog enabled (timeout=16 sec, nowayout=0)
SMCCC: SOC_ID: ID = jep106:091e:1823 Revision = 0x00000002
hid: raw HID events driver (C) Jiri Kosina
usbcore: registered new interface driver usbhid
usbhid: USB HID core driver
hw perfevents: enabled with armv8_cortex_a53 PMU driver, 7 (0,8000003f) counters available
gnss: GNSS driver registered with major 238
usbcore: registered new interface driver snd-usb-audio
NET: Registered PF_INET6 protocol family
Segment Routing with IPv6
In-situ OAM (IOAM) with IPv6
NET: Registered PF_PACKET protocol family
bridge: filtering via arp/ip/ip6tables is no longer available by default. Update your scripts to load br_netfilter if you need this.
9pnet: Installing 9P2000 support
Key type dns_resolver registered
registered taskstats version 1
Loading compiled-in X.509 certificates
zswap: loaded using pool lzo
Key type .fscrypt registered
Key type fscrypt-provisioning registered
Key type encrypted registered
gpio gpiochip0: Static allocation of GPIO base is deprecated, use dynamic allocation.
sun50i-h616-r-pinctrl 7022000.pinctrl: initialized sunXi PIO driver
ehci-platform 5200000.usb: EHCI Host Controller
ehci-platform 5200000.usb: new USB bus registered, assigned bus number 1
ehci-platform 5200000.usb: irq 22, io mem 0x05200000
ehci-platform 5310000.usb: EHCI Host Controller
ehci-platform 5310000.usb: new USB bus registered, assigned bus number 2
ehci-platform 5310000.usb: irq 23, io mem 0x05310000
ehci-platform 5311000.usb: EHCI Host Controller
ehci-platform 5311000.usb: new USB bus registered, assigned bus number 3
ehci-platform 5311000.usb: irq 24, io mem 0x05311000
sun50i-h616-r-pinctrl 7022000.pinctrl: supply vcc-pl not found, using dummy regulator
ohci-platform 5200400.usb: Generic Platform OHCI controller
ohci-platform 5200400.usb: new USB bus registered, assigned bus number 4
ohci-platform 5310400.usb: Generic Platform OHCI controller
ohci-platform 5310400.usb: new USB bus registered, assigned bus number 5
ohci-platform 5200400.usb: irq 25, io mem 0x05200400
ohci-platform 5310400.usb: irq 26, io mem 0x05310400
/soc/i2c@7081400/pmic@36: Fixed dependency cycle(s) with /soc/pinctrl@300b000
ohci-platform 5311400.usb: Generic Platform OHCI controller
ohci-platform 5311400.usb: new USB bus registered, assigned bus number 6
ohci-platform 5311400.usb: irq 28, io mem 0x05311400
sun50i_cpufreq_nvmem: Using CPU speed bin speed0
gpio gpiochip1: Static allocation of GPIO base is deprecated, use dynamic allocation.
ehci-platform 5200000.usb: USB 2.0 started, EHCI 1.00
usb usb1: New USB device found, idVendor=1d6b, idProduct=0002, bcdDevice= 6.18
usb usb1: New USB device strings: Mfr=3, Product=2, SerialNumber=1
usb usb1: Product: EHCI Host Controller
usb usb1: Manufacturer: Linux 6.18.32-current-sunxi64 ehci_hcd
usb usb1: SerialNumber: 5200000.usb
hub 1-0:1.0: USB hub found
hub 1-0:1.0: 1 port detected
sun50i-h616-pinctrl 300b000.pinctrl: initialized sunXi PIO driver
dw-apb-uart 5000000.serial: Error applying setting, reverse things back
sun6i-spi 5010000.spi: Error applying setting, reverse things back
axp20x-i2c 0-0036: AXP20x variant AXP313a found
axp20x-i2c 0-0036: AXP20X driver loaded
sunxi-mmc 4020000.mmc: Error applying setting, reverse things back
dw-apb-uart 5000000.serial: Error applying setting, reverse things back
sun6i-spi 5010000.spi: Error applying setting, reverse things back
dw-apb-uart 5000000.serial: Error applying setting, reverse things back
sunxi-mmc 4020000.mmc: Error applying setting, reverse things back
sun6i-spi 5010000.spi: Error applying setting, reverse things back
WCN: marlin_init entry!
WCN: wcn config bt wake host
WCN_ERR: dts node for bt_wake not found
WCN: marlin2 parse_dt some para not config
sdiohal:sdiohal_parse_dt adma_tx:1, adma_rx:1, pwrseq:0, irq type:data, gpio_num:0, blksize:840
sdiohal:sdiohal_init ok
ehci-platform 5310000.usb: USB 2.0 started, EHCI 1.00
usb usb2: New USB device found, idVendor=1d6b, idProduct=0002, bcdDevice= 6.18
usb usb2: New USB device strings: Mfr=3, Product=2, SerialNumber=1
usb usb2: Product: EHCI Host Controller
usb usb2: Manufacturer: Linux 6.18.32-current-sunxi64 ehci_hcd
usb usb2: SerialNumber: 5310000.usb
hub 2-0:1.0: USB hub found
hub 2-0:1.0: 1 port detected
WCN: marlin_probe ok!
printk: legacy console [ttyS0] disabled
5000000.serial: ttyS0 at MMIO 0x5000000 (irq = 302, base_baud = 1500000) is a 16550A
printk: legacy console [ttyS0] enabled
ehci-platform 5311000.usb: USB 2.0 started, EHCI 1.00
clk: Disabling unused clocks
PM: genpd: Disabling unused power domains
usb usb6: New USB device found, idVendor=1d6b, idProduct=0001, bcdDevice= 6.18
spi-nor spi0.0: supply vcc not found, using dummy regulator
spi-nor spi0.0: supply vdd not found, using dummy regulator
sunxi-mmc 4020000.mmc: Got CD GPIO
ALSA device list:
  No soundcards found.
sunxi-mmc 4020000.mmc: initialized, max. request size: 16384 KB, uses new timings mode
usb usb6: New USB device strings: Mfr=3, Product=2, SerialNumber=1
Freeing initrd memory: 17072K
usb usb6: Product: Generic Platform OHCI controller
usb usb6: Manufacturer: Linux 6.18.32-current-sunxi64 ohci_hcd
usb 2-1: new high-speed USB device number 2 using ehci-platform
usb usb6: SerialNumber: 5311400.usb
usb 2-1: New USB device found, idVendor=0951, idProduct=1666, bcdDevice= 2.00
hub 6-0:1.0: USB hub found
usb 2-1: New USB device strings: Mfr=2, Product=3, SerialNumber=4
hub 6-0:1.0: 1 port detected
usb 2-1: Product: DataTraveler 3.0
usb usb5: New USB device found, idVendor=1d6b, idProduct=0001, bcdDevice= 6.18
usb 2-1: Manufacturer: Kingston
usb 2-1: SerialNumber: E0D55EA535841891E88C0118
usb usb5: New USB device strings: Mfr=3, Product=2, SerialNumber=1
usb-storage 2-1:1.0: USB Mass Storage device detected
usb usb5: Product: Generic Platform OHCI controller
usb usb5: Manufacturer: Linux 6.18.32-current-sunxi64 ohci_hcd
scsi host0: usb-storage 2-1:1.0
usb usb5: SerialNumber: 5310400.usb
hub 5-0:1.0: USB hub found
hub 5-0:1.0: 1 port detected
usb usb4: New USB device found, idVendor=1d6b, idProduct=0001, bcdDevice= 6.18
usb usb4: New USB device strings: Mfr=3, Product=2, SerialNumber=1
usb usb4: Product: Generic Platform OHCI controller
usb usb4: Manufacturer: Linux 6.18.32-current-sunxi64 ohci_hcd
usb usb4: SerialNumber: 5200400.usb
hub 4-0:1.0: USB hub found
hub 4-0:1.0: 1 port detected
usb usb3: New USB device found, idVendor=1d6b, idProduct=0002, bcdDevice= 6.18
usb usb3: New USB device strings: Mfr=3, Product=2, SerialNumber=1
usb usb3: Product: EHCI Host Controller
usb usb3: Manufacturer: Linux 6.18.32-current-sunxi64 ehci_hcd
usb usb3: SerialNumber: 5311000.usb
hub 3-0:1.0: USB hub found
hub 3-0:1.0: 1 port detected
Freeing unused kernel memory: 7104K
Run /init as init process
Loading, please wait...
Starting systemd-udevd version 257.13-1~deb13u1
usb 3-1: new high-speed USB device number 2 using ehci-platform
scsi 0:0:0:0: Direct-Access     Kingston DataTraveler 3.0 0000 PQ: 0 ANSI: 4
sd 0:0:0:0: [sda] 121077760 512-byte logical blocks: (62.0 GB/57.7 GiB)
sd 0:0:0:0: [sda] Write Protect is off
sd 0:0:0:0: [sda] Write cache: disabled, read cache: enabled, doesn't support DPO or FUA
sd 0:0:0:0: [sda] Attached SCSI removable disk
md: async del_gendisk mode will be removed in future, please upgrade to mdadm-4.5+
usb 3-1: New USB device found, idVendor=0951, idProduct=1666, bcdDevice= 2.00
usb 3-1: New USB device strings: Mfr=2, Product=3, SerialNumber=4
usb 3-1: Product: DataTraveler 3.0
usb 3-1: Manufacturer: Kingston
usb 3-1: SerialNumber: C81F660E262E1610C6064F74
usb-storage 3-1:1.0: USB Mass Storage device detected
scsi host1: usb-storage 3-1:1.0
usbcore: registered new interface driver uas
usb_phy_generic usb_phy_generic.1.auto: dummy supplies not allowed for exclusive requests (id=vbus)
Begin: Loading essential drivers ... done.
Begin: Running /scripts/init-premount ... done.
Begin: Mounting root file system ... Begin: Running /scripts/local-top ... done.
Begin: Running /scripts/local-premount ... Btrfs loaded, zoned=no, fsverity=no
Scanning for Btrfs filesystems
done.
Begin: Waiting for root file system ... scsi 1:0:0:0: Direct-Access     Kingston DataTraveler 3.0 0000 PQ: 0 ANSI: 4
sd 1:0:0:0: [sdb] 121077761 512-byte logical blocks: (62.0 GB/57.7 GiB)
sd 1:0:0:0: [sdb] Write Protect is off
sd 1:0:0:0: [sdb] Write cache: disabled, read cache: enabled, doesn't support DPO or FUA
sd 1:0:0:0: [sdb] Attached SCSI removable disk
md127: detected capacity change from 0 to 242020352
 md127: p1
Begin: Running /scripts/local-block ... random: crng init done
done.
done.
Begin: Will now check root file system ... fsck from util-linux 2.41
[/sbin/fsck.ext4 (1) -- /dev/md127p1] fsck.ext4 -a -C0 /dev/md127p1 
armbi_root: clean, 28998/7414368 files, 798906/29948928 blocks
done.
EXT4-fs (md127p1): mounted filesystem 2a9c43f5-b478-4ed0-8a2c-97d4b32a8208 ro with writeback data mode. Quota mode: none.
done.
Begin: Running /scripts/local-bottom ... done.
Begin: Running /scripts/init-bottom ... done.
Not activating Mandatory Access Control as /sbin/tomoyo-init does not exist.
SELinux:  Could not open policy file <= /etc/selinux/default/policy/policy.35:  No such file or directory
systemd[1]: System time advanced to timestamp on /var/lib/systemd/timesync/clock: Sat 2026-05-23 00:22:30 CEST
psystemd[1]: systemd 257.13-1~deb13u1 running in system mode (+PAM +AUDIT +SELINUX +APPARMOR +IMA +IPE +SMACK +SECCOMP +GCRYPT -GNUTLS +OPENSSL +ACL +BLKID +CURL +ELFUTILS +FIDO2 +IDN2 -IDN +IPTC +KMOD +LIBCRYPTSETUP +LIBCRYPTSETUP_PLUGINS +LIBFDISK +PCRE2 +PWQUALITY +P11KIT +QRENCODE +TPM2 +BZIP2 +LZ4 +XZ +ZLIB +ZSTD +BPF_FRAMEWORK +BTF -XKBCOMMON -UTMP +SYSVINIT +LIBARCHIVE)
systemd[1]: Detected architecture arm64.

Welcome to Armbian-unofficial 26.05.0-trunk trixie!

systemd[1]: Hostname set to <orangepizero2w>.
systemd[1]: bpf-restrict-fs: BPF LSM hook not enabled in the kernel, BPF LSM not supported.
systemd[1]: /usr/lib/systemd/system/aw859a-wifi.service:9: Support for option SysVStartPriority= has been removed and it is ignored
systemd[1]: Queued start job for default target graphical.target.
systemd[1]: Created slice system-getty.slice - Slice /system/getty.
[  OK  ] Created slice system-getty.slice - Slice /system/getty.
systemd[1]: Created slice system-modprobe.slice - Slice /system/modprobe.
[  OK  ] Created slice system-modprobe.slice - Slice /system/modprobe.
systemd[1]: Created slice system-serial\x2dgetty.slice - Slice /system/serial-getty.
[  OK  ] Created slice system-serial\x2dget‚slice - Slice /system/serial-getty.
systemd[1]: Created slice user.slice - User and Session Slice.
[  OK  ] Created slice user.slice - User and Session Slice.
systemd[1]: Started systemd-ask-password-console.path - Dispatch Password Requests to Console Directory Watch.
[  OK  ] Started systemd-ask-password-conso‚equests to Console Directory Watch.
systemd[1]: Started systemd-ask-password-wall.path - Forward Password Requests to Wall Directory Watch.
[  OK  ] Started systemd-ask-password-wall.‚d Requests to Wall Directory Watch.
systemd[1]: Set up automount proc-sys-fs-binfmt_misc.automount - Arbitrary Executable File Formats File System Automount Point.
[  OK  ] Set up automount proc-sys-fs-binfm‚ormats File System Automount Point.
systemd[1]: Expecting device dev-ttyS0.device - /dev/ttyS0...
         Expecting device dev-ttyS0.device - /dev/ttyS0...
systemd[1]: Reached target paths.target - Path Units.
[  OK  ] Reached target paths.target - Path Units.
systemd[1]: Reached target remote-fs.target - Remote File Systems.
[  OK  ] Reached target remote-fs.target - Remote File Systems.
systemd[1]: Reached target slices.target - Slice Units.
[  OK  ] Reached target slices.target - Slice Units.
systemd[1]: Reached target swap.target - Swaps.
[  OK  ] Reached target swap.target - Swaps.
systemd[1]: Listening on syslog.socket - Syslog Socket.
[  OK  ] Listening on syslog.socket - Syslog Socket.
systemd[1]: Listening on systemd-creds.socket - Credential Encryption/Decryption.
[  OK  ] Listening on systemd-creds.socket - Credential Encryption/Decryption.
systemd[1]: Listening on systemd-initctl.socket - initctl Compatibility Named Pipe.
[  OK  ] Listening on systemd-initctl.socke‚- initctl Compatibility Named Pipe.
systemd[1]: Listening on systemd-journald-dev-log.socket - Journal Socket (/dev/log).
[  OK  ] Listening on systemd-journald-dev-‚socket - Journal Socket (/dev/log).
systemd[1]: Listening on systemd-journald.socket - Journal Sockets.
[  OK  ] Listening on systemd-journald.socket - Journal Sockets.
systemd[1]: Listening on systemd-networkd.socket - Network Service Netlink Socket.
[  OK  ] Listening on systemd-networkd.socket - Network Service Netlink Socket.
systemd[1]: systemd-pcrextend.socket - TPM PCR Measurements skipped, unmet condition check ConditionSecurity=measured-uki
systemd[1]: systemd-pcrlock.socket - Make TPM PCR Policy skipped, unmet condition check ConditionSecurity=measured-uki
systemd[1]: Listening on systemd-udevd-control.socket - udev Control Socket.
[  OK  ] Listening on systemd-udevd-control.socket - udev Control Socket.
systemd[1]: Listening on systemd-udevd-kernel.socket - udev Kernel Socket.
[  OK  ] Listening on systemd-udevd-kernel.socket - udev Kernel Socket.
systemd[1]: dev-hugepages.mount - Huge Pages File System skipped, unmet condition check ConditionPathExists=/sys/kernel/mm/hugepages
systemd[1]: Mounting dev-mqueue.mount - POSIX Message Queue File System...
         Mounting dev-mqueue.mount - POSIX Message Queue File System...
systemd[1]: Mounting run-lock.mount - Legacy Locks Directory /run/lock...
         Mounting run-lock.mount - systemd[1]: Mounting sys-kernel-debug.mount - Kernel Debug File System...
Legacy Locks Directory /run/lock...
         Mounting sys-kernel-debug.mounsystemd[1]: Mounting sys-kernel-tracing.mount - Kernel Trace File System...
t - Kernel Debug File System...
         Mounting sys-kernel-tracing.mount - Kernel Trace File System...
systemd[1]: Starting fake-hwclock-load.service - Restore the current clock...
         Starting fake-hwclock-load.service - Restore the current clock...
systemd[1]: Starting keyboard-setup.service - Set the console keyboard layout...
         Starting keyboard-setup.service - Set the systemd[1]: Starting kmod-static-nodes.service - Create List of Static Device Nodes...
console keyboard layout...
         Starting kmod-static-nodes.service‚eate systemd[1]: Starting modprobe@configfs.service - Load Kernel Module configfs...
List of Static Device Nodes...
         Starting modprobe@configfs.service - Load Kernel Module configfs...
systemd[1]: Starting modprobe@drm.service - Load Kernel Module drm...
         Starting modprobe@drm.service - Load Kernel Module drm...
systemd[1]: Starting modprobe@efi_pstore.service - Load Kernel Module efi_pstore...
         Starting modprobe@efi_pstore.servi‚ - Load Kernel Module efi_pstore...
systemd[1]: Starting modprobe@fuse.service - Load Kernel Module fuse...
         Starting modprobe@fuse.service - Load Kernel Module fuse...
systemd[1]: netplan-ovs-cleanup.service - OpenVSwitch configuration for cleanup skipped, unmet condition check ConditionFileIsExecutable=/usr/bin/ovs-vsctl
systemd[1]: systemd-hibernate-clear.service - Clear Stale Hibernate Storage Info skipped, unmet condition check ConditionPathExists=/sys/firmware/efi/efivars/HibernateLocation-8cf2644b-4b0b-428f-9387-6d876050dc67
systemd[1]: Starting systemd-modules-load.service - Load Kernel Modules...
fuse: init (API version 7.45)
         Starting systemd-modules-load.service - Load Kernel Modules...
systemd[1]: Starting systemd-network-generator.service - Generate Network Units from Kernel Command Line...
         Starting systemd-network-generator‚k Units from Kernel Command Line...
systemd[1]: systemd-pcrmachine.service - TPM PCR Machine ID Measurement skipped, unmet condition check ConditionSecurity=measured-uki
systemd[1]: systemd-tpm2-setup-early.service - Early TPM SRK Setup skipped, unmet condition check ConditionSecurity=measured-uki
systemd[1]: Starting systemd-udev-load-credentials.service - Load udev Rules from Credentials...
         Starting systemd-udev-load-credent‚Load udev Rules from Credentials...
systemd[1]: Starting systemd-udev-trigger.service - Coldplug All udev Devices...
         Starting systemd-udev-trigger.service - Coldplug All udev mtty_probe init device addr: 0x00000000b8d796df
Devices...
-->rfkill_bluetooth_init
systemd[1]: Mounted dev-mqueue.mount - POSIX Message Queue File System.
bluetooth_set_power: start_block=1
WCN: marlin power state:0, subsys: [MARLIN_BLUETOOTH] power 0
bluetooth_set_power: end_block=1
<--rfkill_bluetooth_init
[  OK  ] Mounted dev-mqueue.mount - POSIX Message Queue File System.
systemd[1]: Mounted run-lock.mount - Legacy Locks Directory /run/lock.
[  OK  ] Mounted run-lock.mount - Legacy Locks Directory /run/lock.
systemd[1]: Mounted sys-kernel-debug.mount - Kernel Debug File System.
[  OK  ] Mounted sys-kernel-debug.mount - Kernel Debug File System.
systemd[1]: Mounted sys-kernel-tracing.mount - Kernel Trace File System.
[  OK  ] Mounted sys-kernel-tracing.mount - Kernel Trace File System.
systemd[1]: fake-hwclock-load.service: Deactivated successfully.
systemd[1]: Finished fake-hwclock-load.service - Restore the current clock.
[  OK  ] Finished fake-hwclock-load.service - Restore the current clock.
systemd[1]: Finished keyboard-setup.service - Set the console keyboard layout.
[  OK  ] Finished keyboard-setup.service - Set the console keyboard layout.
systemd[1]: Finished kmod-static-nodes.service - Create List of Static Device Nodes.
[  OK  ] Finished kmod-static-nodes.service‚Create List of Static Device Nodes.
systemd[1]: modprobe@configfs.service: Deactivated successfully.
systemd[1]: Finished modprobe@configfs.service - Load Kernel Module configfs.
[  OK  ] Finished modprobe@configfs.service - Load Kernel Module configfs.
systemd[1]: modprobe@drm.service: Deactivated successfully.
systemd[1]: Finished modprobe@drm.service - Load Kernel Module drm.
[  OK  ] Finished modprobe@drm.service - Load Kernel Module drm.
systemd[1]: modprobe@efi_pstore.service: Deactivated successfully.
systemd[1]: Finished modprobe@efi_pstore.service - Load Kernel Module efi_pstore.
[  OK  ] Finished modprobe@efi_pstore.service - Load Kernel Module efi_pstore.
systemd[1]: modprobe@fuse.service: Deactivated successfully.
systemd[1]: Finished modprobe@fuse.service - Load Kernel Module fuse.
[  OK  ] Finished modprobe@fuse.service - Load Kernel Module fuse.
systemd[1]: Finished systemd-modules-load.service - Load Kernel Modules.
[  OK  ] Finished systemd-modules-load.service - Load Kernel Modules.
systemd[1]: Finished systemd-network-generator.service - Generate Network Units from Kernel Command Line.
[  OK  ] Finished systemd-network-generator‚ork Units from Kernel Command Line.
systemd[1]: Finished systemd-udev-load-credentials.service - Load udev Rules from Credentials.
[  OK  ] Finished systemd-udev-load-credent‚- Load udev Rules from Credentials.
systemd[1]: Reached target network-pre.target - Preparation for Network.
[  OK  ] Reached target network-pre.target - Preparation for Network.
systemd[1]: Mounting sys-fs-fuse-connections.mount - FUSE Control File System...
         Mounting sys-fs-fuse-connections.mount - FUSE Control File System...
systemd[1]: Mounting sys-kernel-config.mount - Kernel Configuration File System...
         Mounting sys-kernel-config.mount - Kernel Configuration File System...
systemd[1]: systemd-fsck-root.service - File System Check on Root Device skipped, unmet condition check ConditionPathExists=!/run/initramfs/fsck-root
systemd[1]: Starting systemd-remount-fs.service - Remount Root and Kernel File Systems...
         Starting systemd-remount-fs.servic‚unt Root and Kernel File Systems...
systemd[1]: Starting systemd-sysctl.service - Apply Kernel Variables...
         Starting systemd-sysctl.service - Apply Kernel Variables...
systemd[1]: Starting systemd-tmpfiles-setup-dev-early.service - Create Static Device Nodes in /dev gracefully...
         Starting systemd-tmpfiles-setup-de‚ DeviEXT4-fs (md127p1): re-mounted 2a9c43f5-b478-4ed0-8a2c-97d4b32a8208 r/w.
ce Nodes in /dev gracefully...
systemd[1]: Finished systemd-udev-trigger.service - Coldplug All udev Devices.
[  OK  ] Finished systemd-udev-trigger.service - Coldplug All udev Devices.
systemd[1]: Mounted sys-fs-fuse-connections.mount - FUSE Control File System.
[  OK  ] Mounted sys-fs-fuse-connections.mount - FUSE Control File System.
systemd[1]: Mounted sys-kernel-config.mount - Kernel Configuration File System.
[  OK  ] Mounted sys-kernel-config.mount - Kernel Configuration File System.
systemd[1]: Finished systemd-remount-fs.service - Remount Root and Kernel File Systems.
[  OK  ] Finished systemd-remount-fs.servic‚mount Root and Kernel File Systems.
systemd[1]: Finished systemd-sysctl.service - Apply Kernel Variables.
[  OK  ] Finished systemd-sysctl.service - Apply Kernel Variables.
systemd[1]: Finished systemd-tmpfiles-setup-dev-early.service - Create Static Device Nodes in /dev gracefully.
[  OK  ] Finished systemd-tmpfiles-setup-de‚ic Device Nodes in /dev gracefully.
systemd[1]: systemd-hwdb-update.service - Rebuild Hardware Database skipped, unmet condition check ConditionNeedsUpdate=/etc
systemd[1]: systemd-pstore.service - Platform Persistent Storage Archival skipped, unmet condition check ConditionDirectoryNotEmpty=/sys/fs/pstore
systemd[1]: Starting systemd-random-seed.service - Load/Save OS Random Seed...
         Starting systemd-random-seed.service - Load/Save OS Random Seed...
systemd[1]: systemd-sysusers.service - Create System Users skipped, no trigger condition checks were met.
systemd[1]: Starting systemd-resolved.service - Network Name Resolution...
         Starting systemd-resolved.service - Network Name Resolution...
systemd[1]: Starting systemd-timesyncd.service - Network Time Synchronization...
         Starting systemd-timesyncd.service - Network Time Synchronization...
systemd[1]: Starting systemd-tmpfiles-setup-dev.service - Create Static Device Nodes in /dev...
         Starting systemd-tmpfiles-setup-de‚eate Static Device Nodes in /dev...
systemd[1]: systemd-tpm2-setup.service - TPM SRK Setup skipped, unmet condition check ConditionSecurity=measured-uki
systemd[1]: Finished systemd-random-seed.service - Load/Save OS Random Seed.
[  OK  ] Finished systemd-random-seed.service - Load/Save OS Random Seed.
systemd[1]: first-boot-complete.target - First Boot Complete skipped, unmet condition check ConditionFirstBoot=yes
systemd[1]: Finished systemd-tmpfiles-setup-dev.service - Create Static Device Nodes in /dev.
[  OK  ] Finished systemd-tmpfiles-setup-de‚Create Static Device Nodes in /dev.
systemd[1]: Reached target local-fs-pre.target - Preparation for Local File Systems.
[  OK  ] Reached target local-fs-pre.target‚Preparation for Local File Systems.
systemd[1]: Mounting tmp.mount - /tmp...
         Mounting tmp.mount - /tmp...
systemd[1]: Starting systemd-udevd.service - Rule-based Manager for Device Events and Files...
         Starting systemd-udevd.service - R‚ager for Device Events and Files...
systemd[1]: Started systemd-timesyncd.service - Network Time Synchronization.
[  OK  ] Started systemd-timesyncd.service - Network Time Synchronization.
systemd[1]: Mounted tmp.mount - /tmp.
[  OK  ] Mounted tmp.mount - /tmp.
systemd[1]: Reached target local-fs.target - Local File Systems.
[  OK  ] Reached target local-fs.target - Local File Systems.
systemd[1]: Reached target time-set.target - System Time Set.
[  OK  ] Reached target time-set.target - System Time Set.
systemd[1]: Listening on systemd-sysext.socket - System Extension Image Management.
[  OK  ] Listening on systemd-sysext.socket‚ System Extension Image Management.
systemd[1]: Starting armbian-zram-config.service - Armbian ZRAM config...
         Starting armbian-zram-config.service - Armbian ZRAM config...
systemd[1]: Starting console-setup.service - Set console font and keymap...
         Starting console-setup.service - Set console font and keymap...
systemd[1]: Starting systemd-binfmt.service - Set Up Additional Binary Formats...
         Starting systemd-binfmt.service - Set Up Additional Binary Formats...
systemd[1]: systemd-machine-id-commit.service - Save Transient machine-id to Disk skipped, unmet condition check ConditionPathIsMountPoint=/etc/machine-id
systemd[1]: Finished console-setup.service - Set console font and keymap.
[  OK  ] Finished console-setup.service - Set console font and keymap.
systemd[1]: proc-sys-fs-binfmt_misc.automount: Got automount request for /proc/sys/fs/binfmt_misc, triggered by 292 (systemd-binfmt)
systemd[1]: Mounting proc-sys-fs-binfmt_misc.mount - Arbitrary Executable File Formats File System...
         Mounting proc-sys-fs-binfmt_misc.m‚cutable File Formats File System...
systemd[1]: Started systemd-resolved.service - Network Name Resolution.
[  OK  ] Started systemd-resolved.service - Network Name Resolution.
systemd[1]: Reached target nss-lookup.target - Host and Network Name Lookups.
[  OK  ] Reached target nss-lookup.target - Host and Network Name Lookups.
systemd[1]: Mounted proc-sys-fs-binfmt_misc.mount - Arbitrary Executable File Formats File System.
[  OK  ] Mounted proc-sys-fs-binfmt_misc.mo‚xecutable File Formats File System.
systemd[1]: Finished systemd-binfmt.service - Set Up Additional Binary Formats.
[  OK  ] Finished systemd-binfmt.service - Set Up Additional Binary Formats.
systemd[1]: Started systemd-udevd.service - Rule-based Manager for Device Events and Files.
[  OK  ] Started systemd-udevd.service - Ru‚anager for Device Events and Files.
systemd[1]: Listening on systemd-rfkill.socket - Load/Save RF Kill Switch Status /dev/rfkill Watch.
[  OK  ] Listening on systemd-rfkill.socket‚ll Switch Status /dev/rfkill Watch.
systemd[1]: Starting systemd-networkd.service - Network Configuration...
         Starting systemd-networkd.service - Network Configuration...
systemd[1]: Found device dev-ttyS0.device - /dev/ttyS0.
[  OK  ] Found device dev-ttyS0.device - /dev/ttyS0.
systemd[1]: Starting systemd-rfkill.service - Load/Save RF Kill Switch Status...
         Starting systemd-rfkill.service - Load/Save RF Kill Switch Status...
zram: Added device: zram0
zram: Added device: zram1
zram: Added device: zram2
bluetooth_set_power: start_block=1
WCN: marlin power state:0, subsys: [MARLIN_BLUETOOTH] power 0
bluetooth_set_power: end_block=1
systemd[1]: Started systemd-rfkill.service - Load/Save RF Kill Switch Status.
[  OK  ] Started systemd-rfkill.service - Load/Save RF Ksd 0:0:0:0: Attached scsi generic sg0 type 0
ill Switch Status.
sd 1:0:0:0: Attached scsi generic sg1 type 0
zram0: detected capacity change from 0 to 993064
sun8i-ce 1904000.crypto: will run requests pump with realtime priority
sun8i-ce 1904000.crypto: will run requests pump with realtime priority
systemd[1]: Reached target usb-gadget.target - Hardware activated USB gadget.
Adding 496528k swap on /dev/zram0.  Priority:5 extents:1 across:496528k SS
sun8i-ce 1904000.crypto: will run requests pump with realtime priority
[  OK  un8i-ce 1904000.crypto: will run requests pump with realtime priority
0m] Reached target usb-gadget.target - Hardware activated USB gadget.
sun8i-ce 1904000.crypto: Register cbc(aes)
sun8i-ce 1904000.crypto: Register ecb(aes)
sun8i-ce 1904000.crypto: Register cbc(des3_ede)
sun8i-ce 1904000.crypto: Register ecb(des3_ede)
sun8i-ce 1904000.crypto: Register md5
sun8i-ce 1904000.crypto: Register sha1
sun8i-ce 1904000.crypto: Register sha224
sun8i-ce 1904000.crypto: Register sha256
sun8i-ce 1904000.crypto: Register sha384
sun8i-ce 1904000.crypto: Register sha512
sun8i-ce 1904000.crypto: Register stdrng
sun8i-ce 1904000.crypto: CryptoEngine Die ID 0
cfg80211: Loading compiled-in X.509 certificates for regulatory database
Loaded X.509 cert 'sforshee: 00b28ddf47aef9cea7'
zram1: detected capacity change from 0 to 102400
Loaded X.509 cert 'wens: 61c038651aabdcf94bd0ac7ff06c7248db18c600'
systemd[1]: Finished armbian-zram-config.service - Armbian ZRAM config.
[  OK  ] Finished armbian-zram-config.service - Armbian ZRAM config.
systemd[1]: Starting armbian-ramlog.service - Armbian memory supported logging...
         Starting armbian-ramlog.service - Armbian memory supported logging...
systemd[1]: Started systemd-networkd.service - Network Configuration.
[  OK  ] Started systemd-networkd.service - Network Configuration.
EXT4-fs (zram1): mounted filesystem 6e1e4e3d-814b-4cf3-ad12-b701dcf7ec63 r/w without journal. Quota mode: none.
systemd[1]: Starting systemd-networkd-persistent-storage.service - Enable Persistent Storage in systemd-networkd...
         Starting systemd-networkd-persiste‚tent Storage in systemd-networkd...
systemd[1]: Finished systemd-networkd-persistent-storage.service - Enable Persistent Storage in systemd-networkd.
[  OK  ] Finished systemd-networkd-persiste‚istent Storage in systemd-networkd.
systemd[1]: Finished armbian-ramlog.service - Armbian memory supported logging.
[  OK  ] Finished armbian-ramlog.service - Armbian memory supported logging.
systemd[1]: Starting systemd-journald.service - Journal Service...
         Starting systemd-journald.service - Journal Service...
systemd-journald[419]: Collecting audit messages is disabled.
systemd[1]: Started systemd-journald.service - Journal Service.
[  OK  ] Started systemd-journald.service - Journal Service.
         Starting systemd-journal-flush.ser‚sh Journal to Persistent Storage...
systemd-journald[419]: Received client request to flush runtime journal.
[  OK  ] Finished systemd-journal-flush.ser‚lush Journal to Persistent Storage.
         Starting systemd-tmpfiles-setup.se‚ate System Files and Directories...
[  OK  ] Finished systemd-tmpfiles-setup.se‚reate System Files and Directories.
[  OK  ] Reached target sysinit.target - System Initialization.
[  OK  ] Started apt-daily.timer - Daily apt download activities.
[  OK  ] Started apt-daily-upgrade.timer - ‚y apt upgrade and clean activities.
[  OK  ] Started dpkg-db-backup.timer - Daily dpkg database backup timer.
[  OK  ] Started e2scrub_all.timer - Period‚Metadata Check for All Filesystems.
[  OK  ] Started fake-hwclock-save.timer - Periodically save current clock.
[  OK  ] Started fstrim.timer - Discard unused filesystem blocks once a week.
[  OK  ] Started logrotate.timer - Daily rotation of log files.
[  OK  ] Started man-db.timer - Daily man-db regeneration.
[  OK  ] Started systemd-tmpfiles-clean.tim‚y Cleanup of Temporary Directories.
[  OK  ] Reached target timers.target - Timer Units.
[  OK  ] Listening on dbus.socket - D-Bus System Message Bus Socket.
[  OK  ] Listening on sshd-unix-local.socke‚temd-ssh-generator, AF_UNIX Local).
[  OK  ] Listening on systemd-hostnamed.socket - Hostname Service Socket.
[  OK  ] Reached target sockets.target - Socket Units.
         Starting armbian-hardware-monitor.‚ce - Armbian hardware monitoring...
         Starting armbian-hardware-optimize‚ - Armbian hardware optimization...
         Starting armbian-led-state.service - Armbian leds state...
[  OK  ] Finished armbian-hardware-monitor.‚vice - Armbian hardware monitoring.
[  OK  ] Finished armbian-led-state.service - Armbian leds state.
[  OK  ] Finished armbian-hardware-optimize‚ce - Armbian hardware optimization.
[  OK  ] Reached target basic.target - Basic System.
         Starting aw859a-bluetooth.service - Bluetooth AW859A...
         Starting aw859a-wifi.service - WIFI AW859A...
[  OK  ] Started cron.service - Regular background program processing daemon.
         Starting dbus.service - D-Bus System Message Bus...
         Starting e2scrub_reap.service - Re‚ne ext4 Metadata Check Snapshots...
         Starting rsyslog.service - System Logging Service...
         Starting systemd-logind.service - User Login Management...
[FAILED] Failed to start aw859a-bluetooth.service - Bluetooth AW859A.
See 'systemctl status aw859a-bluetooth.service' for details.
[FAILED] Failed to start aw859a-wifi.service - WIFI AW859A.
See 'systemctl status aw859a-wifi.service' for details.
[  OK  ] Finished e2scrub_reap.service - Re‚line ext4 Metadata Check Snapshots.
[  OK  ] Started systemd-logind.service - User Login Management.
[  OK  ] Started dbus.service - D-Bus System Message Bus.
         Starting wpa_supplicant.service - WPA supplicant...
[  OK  ] Started rsyslog.service - System Logging Service.
systemd-journald[419]: Received client request to relinquish /var/log/journal/a64b0542284d4c8fb2cfec56d5ef3773 access.
[  OK  ] Started wpa_supplicant.service - WPA supplicant.
[  OK  ] Reached target network.target - Network.
         Starting rc-local.service - /etc/rc.local Compatibility...
         Starting ssh.service - OpenBSD Secure Shell server...
         Starting systemd-user-sessions.service - Permit User Sessions...
[  OK  ] Started rc-local.service - /etc/rc.local Compatibility.
NOTICE: Automounting of tracing to debugfs is deprecated and will be removed in 2030
[  OK  ] Finished systemd-user-sessions.service - Permit User Sessions.
[  OK  ] Started getty@tty1.service - Getty on tty1.
[  OK  ] Started serial-getty@ttyS0.service - Serial Getty on ttyS0.
[  OK  ] Reached target getty.target - Login Prompts.
[  OK  ] Started ssh.service - OpenBSD Secure Shell server.
[  OK  ] Reached target multi-user.target - Multi-User System.
[  OK  ] Reached target graphical.target - Graphical Interface.
ppfbcon: Taking over console

Armbian-unofficial 26.05.0-trunk Trixie ttyS0 

orangepizero2w login: test
Password: 

    _             _    _                             __  __ _    _      _ 
   /_\  _ _ _ __ | |__(_)__ _ _ _ ___ _  _ _ _  ___ / _|/ _(_)__(_)__ _| |
  / _ \| '_| '  \| '_ \ / _` | ' \___| || | ' \/ _ \  _|  _| / _| / _` | |
 /_/ \_\_| |_|_|_|_.__/_\__,_|_||_|   \_,_|_||_\___/_| |_| |_\__|_\__,_|_|
                                                                          
 v26.05 rolling for Orange Pi Zero2W running Armbian Linux 6.18.32-current-sunxi64

 Packages:     Debian stable (trixie)
 Support:      DIY (custom image)

 Performance:  

 Load:         18%           	 Uptime:         1m	
 Memory usage: 16% of 969M   	
 CPU temp:     49¬C           	 Usage of /:   2% of 113G   	

 Commands: 

 Configuration: armbian-config
 Monitoring   : htop

test@orangepizero2w:~$ lsblk
NAME        MAJ:MIN RM   SIZE RO TYPE  MOUNTPOINTS
sda           8:0    1  57.7G  0 disk  
‚‚md127       9:127  0 115.4G  0 raid0 
  ‚‚md127p1 259:0    0 114.2G  0 part  /var/log.hdd
                                       /
sdb           8:16   1  57.7G  0 disk  
‚‚md127       9:127  0 115.4G  0 raid0 
  ‚‚md127p1 259:0    0 114.2G  0 part  /var/log.hdd
                                       /
mtdblock0    31:0    0    16M  0 disk  
zram0       253:0    0 484.9M  0 disk  [SWAP]
zram1       253:1    0    50M  0 disk  /var/log
zram2       253:2    0     0B  0 disk  
test@orangepizero2w:~$ sudo mdadm -D /dev/md127
[sudo] password for test: 
/dev/md127:
           Version : 1.2
     Creation Time : Tue May 12 23:32:40 2026
        Raid Level : raid0
        Array Size : 121010176 (115.40 GiB 123.91 GB)
      Raid Devices : 2
     Total Devices : 2
       Persistence : Superblock is persistent

       Update Time : Tue May 12 23:32:40 2026
             State : clean 
    Active Devices : 2
   Working Devices : 2
    Failed Devices : 0
     Spare Devices : 0

            Layout : original
        Chunk Size : 512K

Consistency Policy : none

              Name : corebook:usbr0
              UUID : 5dea5efb:0a241e50:bd540455:e69185de
            Events : 0

    Number   Major   Minor   RaidDevice State
       0       8        0        0      active sync   /dev/sda
       1       8       16        1      active sync   /dev/sdb
test@orangepizero2w:~$ fastfetch 
                ..
            `:]x**j-,'
       .,+t***********z\<"
       ?******************;
      '*n` .'`^,;;,^`'. ,cc.
      -<.                .[l
     //     ^^      ^^    \\
     !^         ^^         ":
    'tt}`     !~]rj_     ")t/.
    Itttt?'   ~~]rr]   `{tttt,
    \tttttt!""I_]r("""~tttttt1
  '_tttttttttttt)ftttttttttttti.
 \*ztttttttttttttttttttttttttf**[
l**c)tttttttttttttttttttttttt(z**,
.z*x.`tttttttttttttttttttttttt.`u*n
>`   (tttttttttttttttttttttt]   "I
     ,tttttttttttttttttttttt`
     ./tttttfttttttttfttttt(
      'I)))(\()(tt))|\()({;'
        .~~~~~~~|)~~~~~~~<
        '[)))))1|()))))))?
          ",,,"    ",,,^test@orangepizero2w
-------------------
OS: Armbian-unofficial 26.05.0-trunk trixie aarch64
Host: OrangePi Zero 2W
Kernel: Linux 6.18.32-current-sunxi64
Uptime: 34 seconds
Packages: 304 (dpkg)
Shell: bash 5.2.37
Terminal: /dev/ttyS0
Terminal Font: VGA default kernel font
CPU: sun50i-h618 (4) @ 1.42 GHz
Memory: 120.27 MiB / 969.79 MiB (12%)
Swap: 0 B / 484.89 MiB (0%)
Disk (/): 1.23 GiB / 112.43 GiB (1%) - ext4
Disk (/var/log): 344.00 KiB / 46.84 MiB (1%) - ext4
Locale: en_US.UTF-8

                        
                        



test@orangepizero2w:~$ 